node : SMOKE TEST DEBUG: parseSettingsPayload failed validation: {
At line:2 char:1
+ node scripts/smoke-schedule-configuration.mjs > test_output.txt 2>&1
+ ~~~~~~~~~~~~~~~~~~~~~~~~~~~~~~~~~~~~~~~~~~~~~~~~~~~~~~~~~~~~~~~~~~~~
    + CategoryInfo          : NotSpecified: (SMOKE TEST DEBU...d validation: {:String) [], RemoteException
    + FullyQualifiedErrorId : NativeCommandError
 
  _errors: [],
  timezone: {
    _errors: [
      'Укажите реальный часовой пояс, например Europe/Samara или Europe/Moscow.'
    ]
  }
}
SMOKE TEST DEBUG: parseSettingsPayload failed validation: {
  _errors: [],
  scheduleDefaults: { _errors: [], workdayEnd: { _errors: [Array] } }
}
DEBUG profile update error: Нельзя сократить расписание клиники: активная запись 66666666-6666-4666-8666-666666666666 в
ыходит за пределы нового окна или рабочих дней
Error: Нельзя сократить расписание клиники: активная запись 66666666-6666-4666-8666-666666666666 выходит за пределы нов
ого окна или рабочих дней
    at assertClinicScheduleDefaultsCoverExistingAppointments (file:///C:/Clinic_MVP/dental-crm/apps/api/dist/db/setting
sQuery.js:375:15)
    at process.processTicksAndRejections (node:internal/process/task_queues:103:5)
    at async updateClinicProfileInDb (file:///C:/Clinic_MVP/dental-crm/apps/api/dist/db/settingsQuery.js:180:9)
    at async Object.<anonymous> (file:///C:/Clinic_MVP/dental-crm/apps/api/dist/routes/settings.js:208:13)
SMOKE TEST DEBUG: parseSettingsPayload failed validation: {
  _errors: [],
  workingHours: { '2': { _errors: [], end: [Object] }, _errors: [] }
}
DEBUG CREATE APPOINTMENT ERROR: Error: Запись вне расписания кресла: прием вне окна кресла 10:00-11:00 (Europe/Samara)
    at assertAppointmentCanBeScheduled (file:///C:/Clinic_MVP/dental-crm/apps/api/dist/db/appointmentsQuery.js:367:19)
    at process.processTicksAndRejections (node:internal/process/task_queues:103:5)
    at async createAppointmentInDb (file:///C:/Clinic_MVP/dental-crm/apps/api/dist/db/appointmentsQuery.js:14:5)
    at async Object.<anonymous> (file:///C:/Clinic_MVP/dental-crm/apps/api/dist/routes/schedule.js:169:17)
CLASSIFICATION DEBUG: {
  message: 'Запись вне расписания кресла: прием вне окна кресла 10:00-11:00 (Europe/Samara)',
  reason: 'outside_operational_hours',
  startsWithCheck: true
}
DEBUG CREATE APPOINTMENT ERROR: Error: У пациента уже есть запись в это время
    at assertAppointmentCanBeScheduled (file:///C:/Clinic_MVP/dental-crm/apps/api/dist/db/appointmentsQuery.js:395:19)
    at process.processTicksAndRejections (node:internal/process/task_queues:103:5)
    at async createAppointmentInDb (file:///C:/Clinic_MVP/dental-crm/apps/api/dist/db/appointmentsQuery.js:14:5)
    at async Object.<anonymous> (file:///C:/Clinic_MVP/dental-crm/apps/api/dist/routes/schedule.js:169:17)
CLASSIFICATION DEBUG: {
  message: 'У пациента уже есть запись в это время',
  reason: 'resource_overlap',
  startsWithCheck: false
}
file:///C:/Clinic_MVP/dental-crm/scripts/smoke-schedule-configuration.mjs:33
  if (!condition) throw new Error(message);
                        ^

Error: appointment inside chair hours failed: 409
    at assert (file:///C:/Clinic_MVP/dental-crm/scripts/smoke-schedule-configuration.mjs:33:25)
    at file:///C:/Clinic_MVP/dental-crm/scripts/smoke-schedule-configuration.mjs:391:1
    at process.processTicksAndRejections (node:internal/process/task_queues:103:5)

Node.js v24.13.0
